[02-Jul-2025 23:23:26 UTC] PHP Warning:  Undefined array key "HTTP_HOST" in C:\Users\micka\Local Sites\capitainewp-course\app\public\wp-includes\functions.php on line 6334
[02-Jul-2025 23:23:46 UTC] PHP Warning:  PHP Startup: Unable to load dynamic library 'php_imagick.dll' (tried: C:/Users/micka/AppData/Roaming/Local/lightning-services/php-8.4.4+2/bin/win64/ext\php_imagick.dll (Le module spécifié est introuvable), C:/Users/micka/AppData/Roaming/Local/lightning-services/php-8.4.4+2/bin/win64/ext\php_php_imagick.dll.dll (Le module spécifié est introuvable)) in Unknown on line 0
[02-Jul-2025 23:26:41 UTC] PHP Warning:  PHP Startup: Unable to load dynamic library 'php_imagick.dll' (tried: C:/Users/micka/AppData/Roaming/Local/lightning-services/php-8.4.4+2/bin/win64/ext\php_imagick.dll (Le module spécifié est introuvable), C:/Users/micka/AppData/Roaming/Local/lightning-services/php-8.4.4+2/bin/win64/ext\php_php_imagick.dll.dll (Le module spécifié est introuvable)) in Unknown on line 0
[03-Jul-2025 00:23:51 UTC] PHP Parse error:  syntax error, unexpected end of file in C:\Users\micka\Local Sites\capitainewp-course\app\public\wp-config.php on line 103
[03-Jul-2025 00:49:39 UTC] PHP Notice:  Function _load_textdomain_just_in_time was called <strong>incorrectly</strong>. Translation loading for the <code>debug-bar</code> domain was triggered too early. This is usually an indicator for some code in the plugin or theme running too early. Translations should be loaded at the <code>init</code> action or later. Please see <a href="https://developer.wordpress.org/advanced-administration/debug/debug-wordpress/">Debugging in WordPress</a> for more information. (This message was added in version 6.7.0.) in C:\Users\micka\Local Sites\capitainewp-course\app\public\wp-includes\functions.php on line 6121
[03-Jul-2025 00:49:53 UTC] PHP Notice:  Function _load_textdomain_just_in_time was called <strong>incorrectly</strong>. Translation loading for the <code>debug-bar</code> domain was triggered too early. This is usually an indicator for some code in the plugin or theme running too early. Translations should be loaded at the <code>init</code> action or later. Please see <a href="https://developer.wordpress.org/advanced-administration/debug/debug-wordpress/">Debugging in WordPress</a> for more information. (This message was added in version 6.7.0.) in C:\Users\micka\Local Sites\capitainewp-course\app\public\wp-includes\functions.php on line 6121
[03-Jul-2025 00:49:56 UTC] PHP Notice:  Function _load_textdomain_just_in_time was called <strong>incorrectly</strong>. Translation loading for the <code>debug-bar</code> domain was triggered too early. This is usually an indicator for some code in the plugin or theme running too early. Translations should be loaded at the <code>init</code> action or later. Please see <a href="https://developer.wordpress.org/advanced-administration/debug/debug-wordpress/">Debugging in WordPress</a> for more information. (This message was added in version 6.7.0.) in C:\Users\micka\Local Sites\capitainewp-course\app\public\wp-includes\functions.php on line 6121
[03-Jul-2025 00:49:57 UTC] PHP Notice:  Function _load_textdomain_just_in_time was called <strong>incorrectly</strong>. Translation loading for the <code>debug-bar</code> domain was triggered too early. This is usually an indicator for some code in the plugin or theme running too early. Translations should be loaded at the <code>init</code> action or later. Please see <a href="https://developer.wordpress.org/advanced-administration/debug/debug-wordpress/">Debugging in WordPress</a> for more information. (This message was added in version 6.7.0.) in C:\Users\micka\Local Sites\capitainewp-course\app\public\wp-includes\functions.php on line 6121
[04-Jul-2025 17:07:51 UTC] PHP Warning:  PHP Startup: Unable to load dynamic library 'php_imagick.dll' (tried: C:/Users/micka/AppData/Roaming/Local/lightning-services/php-8.4.4+2/bin/win64/ext\php_imagick.dll (Le module spécifié est introuvable), C:/Users/micka/AppData/Roaming/Local/lightning-services/php-8.4.4+2/bin/win64/ext\php_php_imagick.dll.dll (Le module spécifié est introuvable)) in Unknown on line 0
[04-Jul-2025 17:07:51 UTC] PHP Notice:  Function _load_textdomain_just_in_time was called <strong>incorrectly</strong>. Translation loading for the <code>debug-bar</code> domain was triggered too early. This is usually an indicator for some code in the plugin or theme running too early. Translations should be loaded at the <code>init</code> action or later. Please see <a href="https://developer.wordpress.org/advanced-administration/debug/debug-wordpress/">Debugging in WordPress</a> for more information. (This message was added in version 6.7.0.) in C:\Users\micka\Local Sites\capitainewp-course\app\public\wp-includes\functions.php on line 6121
[04-Jul-2025 17:07:52 UTC] PHP Notice:  Function _load_textdomain_just_in_time was called <strong>incorrectly</strong>. Translation loading for the <code>debug-bar</code> domain was triggered too early. This is usually an indicator for some code in the plugin or theme running too early. Translations should be loaded at the <code>init</code> action or later. Please see <a href="https://developer.wordpress.org/advanced-administration/debug/debug-wordpress/">Debugging in WordPress</a> for more information. (This message was added in version 6.7.0.) in C:\Users\micka\Local Sites\capitainewp-course\app\public\wp-includes\functions.php on line 6121
[04-Jul-2025 17:07:54 UTC] PHP Notice:  Function _load_textdomain_just_in_time was called <strong>incorrectly</strong>. Translation loading for the <code>debug-bar</code> domain was triggered too early. This is usually an indicator for some code in the plugin or theme running too early. Translations should be loaded at the <code>init</code> action or later. Please see <a href="https://developer.wordpress.org/advanced-administration/debug/debug-wordpress/">Debugging in WordPress</a> for more information. (This message was added in version 6.7.0.) in C:\Users\micka\Local Sites\capitainewp-course\app\public\wp-includes\functions.php on line 6121
[04-Jul-2025 17:07:55 UTC] PHP Notice:  Function _load_textdomain_just_in_time was called <strong>incorrectly</strong>. Translation loading for the <code>debug-bar</code> domain was triggered too early. This is usually an indicator for some code in the plugin or theme running too early. Translations should be loaded at the <code>init</code> action or later. Please see <a href="https://developer.wordpress.org/advanced-administration/debug/debug-wordpress/">Debugging in WordPress</a> for more information. (This message was added in version 6.7.0.) in C:\Users\micka\Local Sites\capitainewp-course\app\public\wp-includes\functions.php on line 6121
[04-Jul-2025 17:07:59 UTC] PHP Notice:  Function _load_textdomain_just_in_time was called <strong>incorrectly</strong>. Translation loading for the <code>debug-bar</code> domain was triggered too early. This is usually an indicator for some code in the plugin or theme running too early. Translations should be loaded at the <code>init</code> action or later. Please see <a href="https://developer.wordpress.org/advanced-administration/debug/debug-wordpress/">Debugging in WordPress</a> for more information. (This message was added in version 6.7.0.) in C:\Users\micka\Local Sites\capitainewp-course\app\public\wp-includes\functions.php on line 6121
[04-Jul-2025 17:08:05 UTC] PHP Notice:  Function _load_textdomain_just_in_time was called <strong>incorrectly</strong>. Translation loading for the <code>debug-bar</code> domain was triggered too early. This is usually an indicator for some code in the plugin or theme running too early. Translations should be loaded at the <code>init</code> action or later. Please see <a href="https://developer.wordpress.org/advanced-administration/debug/debug-wordpress/">Debugging in WordPress</a> for more information. (This message was added in version 6.7.0.) in C:\Users\micka\Local Sites\capitainewp-course\app\public\wp-includes\functions.php on line 6121
[04-Jul-2025 17:10:07 UTC] PHP Notice:  Function _load_textdomain_just_in_time was called <strong>incorrectly</strong>. Translation loading for the <code>debug-bar</code> domain was triggered too early. This is usually an indicator for some code in the plugin or theme running too early. Translations should be loaded at the <code>init</code> action or later. Please see <a href="https://developer.wordpress.org/advanced-administration/debug/debug-wordpress/">Debugging in WordPress</a> for more information. (This message was added in version 6.7.0.) in C:\Users\micka\Local Sites\capitainewp-course\app\public\wp-includes\functions.php on line 6121
[04-Jul-2025 17:12:02 UTC] PHP Notice:  Function _load_textdomain_just_in_time was called <strong>incorrectly</strong>. Translation loading for the <code>debug-bar</code> domain was triggered too early. This is usually an indicator for some code in the plugin or theme running too early. Translations should be loaded at the <code>init</code> action or later. Please see <a href="https://developer.wordpress.org/advanced-administration/debug/debug-wordpress/">Debugging in WordPress</a> for more information. (This message was added in version 6.7.0.) in C:\Users\micka\Local Sites\capitainewp-course\app\public\wp-includes\functions.php on line 6121
[04-Jul-2025 17:14:02 UTC] PHP Notice:  Function _load_textdomain_just_in_time was called <strong>incorrectly</strong>. Translation loading for the <code>debug-bar</code> domain was triggered too early. This is usually an indicator for some code in the plugin or theme running too early. Translations should be loaded at the <code>init</code> action or later. Please see <a href="https://developer.wordpress.org/advanced-administration/debug/debug-wordpress/">Debugging in WordPress</a> for more information. (This message was added in version 6.7.0.) in C:\Users\micka\Local Sites\capitainewp-course\app\public\wp-includes\functions.php on line 6121
[04-Jul-2025 17:16:02 UTC] PHP Notice:  Function _load_textdomain_just_in_time was called <strong>incorrectly</strong>. Translation loading for the <code>debug-bar</code> domain was triggered too early. This is usually an indicator for some code in the plugin or theme running too early. Translations should be loaded at the <code>init</code> action or later. Please see <a href="https://developer.wordpress.org/advanced-administration/debug/debug-wordpress/">Debugging in WordPress</a> for more information. (This message was added in version 6.7.0.) in C:\Users\micka\Local Sites\capitainewp-course\app\public\wp-includes\functions.php on line 6121
[04-Jul-2025 17:17:02 UTC] PHP Notice:  Function _load_textdomain_just_in_time was called <strong>incorrectly</strong>. Translation loading for the <code>debug-bar</code> domain was triggered too early. This is usually an indicator for some code in the plugin or theme running too early. Translations should be loaded at the <code>init</code> action or later. Please see <a href="https://developer.wordpress.org/advanced-administration/debug/debug-wordpress/">Debugging in WordPress</a> for more information. (This message was added in version 6.7.0.) in C:\Users\micka\Local Sites\capitainewp-course\app\public\wp-includes\functions.php on line 6121
[04-Jul-2025 17:19:06 UTC] PHP Notice:  Function _load_textdomain_just_in_time was called <strong>incorrectly</strong>. Translation loading for the <code>debug-bar</code> domain was triggered too early. This is usually an indicator for some code in the plugin or theme running too early. Translations should be loaded at the <code>init</code> action or later. Please see <a href="https://developer.wordpress.org/advanced-administration/debug/debug-wordpress/">Debugging in WordPress</a> for more information. (This message was added in version 6.7.0.) in C:\Users\micka\Local Sites\capitainewp-course\app\public\wp-includes\functions.php on line 6121
[04-Jul-2025 17:21:02 UTC] PHP Notice:  Function _load_textdomain_just_in_time was called <strong>incorrectly</strong>. Translation loading for the <code>debug-bar</code> domain was triggered too early. This is usually an indicator for some code in the plugin or theme running too early. Translations should be loaded at the <code>init</code> action or later. Please see <a href="https://developer.wordpress.org/advanced-administration/debug/debug-wordpress/">Debugging in WordPress</a> for more information. (This message was added in version 6.7.0.) in C:\Users\micka\Local Sites\capitainewp-course\app\public\wp-includes\functions.php on line 6121
[04-Jul-2025 17:23:03 UTC] PHP Notice:  Function _load_textdomain_just_in_time was called <strong>incorrectly</strong>. Translation loading for the <code>debug-bar</code> domain was triggered too early. This is usually an indicator for some code in the plugin or theme running too early. Translations should be loaded at the <code>init</code> action or later. Please see <a href="https://developer.wordpress.org/advanced-administration/debug/debug-wordpress/">Debugging in WordPress</a> for more information. (This message was added in version 6.7.0.) in C:\Users\micka\Local Sites\capitainewp-course\app\public\wp-includes\functions.php on line 6121
[04-Jul-2025 17:24:03 UTC] PHP Notice:  Function _load_textdomain_just_in_time was called <strong>incorrectly</strong>. Translation loading for the <code>debug-bar</code> domain was triggered too early. This is usually an indicator for some code in the plugin or theme running too early. Translations should be loaded at the <code>init</code> action or later. Please see <a href="https://developer.wordpress.org/advanced-administration/debug/debug-wordpress/">Debugging in WordPress</a> for more information. (This message was added in version 6.7.0.) in C:\Users\micka\Local Sites\capitainewp-course\app\public\wp-includes\functions.php on line 6121
[04-Jul-2025 17:26:07 UTC] PHP Notice:  Function _load_textdomain_just_in_time was called <strong>incorrectly</strong>. Translation loading for the <code>debug-bar</code> domain was triggered too early. This is usually an indicator for some code in the plugin or theme running too early. Translations should be loaded at the <code>init</code> action or later. Please see <a href="https://developer.wordpress.org/advanced-administration/debug/debug-wordpress/">Debugging in WordPress</a> for more information. (This message was added in version 6.7.0.) in C:\Users\micka\Local Sites\capitainewp-course\app\public\wp-includes\functions.php on line 6121
[04-Jul-2025 17:28:03 UTC] PHP Notice:  Function _load_textdomain_just_in_time was called <strong>incorrectly</strong>. Translation loading for the <code>debug-bar</code> domain was triggered too early. This is usually an indicator for some code in the plugin or theme running too early. Translations should be loaded at the <code>init</code> action or later. Please see <a href="https://developer.wordpress.org/advanced-administration/debug/debug-wordpress/">Debugging in WordPress</a> for more information. (This message was added in version 6.7.0.) in C:\Users\micka\Local Sites\capitainewp-course\app\public\wp-includes\functions.php on line 6121
[04-Jul-2025 17:30:03 UTC] PHP Notice:  Function _load_textdomain_just_in_time was called <strong>incorrectly</strong>. Translation loading for the <code>debug-bar</code> domain was triggered too early. This is usually an indicator for some code in the plugin or theme running too early. Translations should be loaded at the <code>init</code> action or later. Please see <a href="https://developer.wordpress.org/advanced-administration/debug/debug-wordpress/">Debugging in WordPress</a> for more information. (This message was added in version 6.7.0.) in C:\Users\micka\Local Sites\capitainewp-course\app\public\wp-includes\functions.php on line 6121
[04-Jul-2025 17:32:03 UTC] PHP Notice:  Function _load_textdomain_just_in_time was called <strong>incorrectly</strong>. Translation loading for the <code>debug-bar</code> domain was triggered too early. This is usually an indicator for some code in the plugin or theme running too early. Translations should be loaded at the <code>init</code> action or later. Please see <a href="https://developer.wordpress.org/advanced-administration/debug/debug-wordpress/">Debugging in WordPress</a> for more information. (This message was added in version 6.7.0.) in C:\Users\micka\Local Sites\capitainewp-course\app\public\wp-includes\functions.php on line 6121
[04-Jul-2025 18:21:59 UTC] PHP Warning:  Constant WP_POST_REVISIONS already defined in C:\Users\micka\Local Sites\capitainewp-course\app\public\wp-config.php on line 99
[04-Jul-2025 18:21:59 UTC] PHP Warning:  Constant DB_NAME already defined in C:\Users\micka\Local Sites\capitainewp-course\app\public\wp-config.php on line 110
[04-Jul-2025 18:21:59 UTC] PHP Warning:  Constant DB_USER already defined in C:\Users\micka\Local Sites\capitainewp-course\app\public\wp-config.php on line 111
[04-Jul-2025 18:21:59 UTC] PHP Warning:  Constant DB_PASSWORD already defined in C:\Users\micka\Local Sites\capitainewp-course\app\public\wp-config.php on line 112
[04-Jul-2025 18:21:59 UTC] PHP Warning:  Constant DB_HOST already defined in C:\Users\micka\Local Sites\capitainewp-course\app\public\wp-config.php on line 113
[04-Jul-2025 18:21:59 UTC] PHP Warning:  Constant WP_HOME already defined in C:\Users\micka\Local Sites\capitainewp-course\app\public\wp-config.php on line 115
[04-Jul-2025 18:21:59 UTC] PHP Warning:  Constant WP_SITEURL already defined in C:\Users\micka\Local Sites\capitainewp-course\app\public\wp-config.php on line 116
[04-Jul-2025 18:21:59 UTC] PHP Warning:  Constant WP_DEBUG already defined in C:\Users\micka\Local Sites\capitainewp-course\app\public\wp-config.php on line 119
[04-Jul-2025 18:22:00 UTC] PHP Notice:  Function _load_textdomain_just_in_time was called <strong>incorrectly</strong>. Translation loading for the <code>debug-bar</code> domain was triggered too early. This is usually an indicator for some code in the plugin or theme running too early. Translations should be loaded at the <code>init</code> action or later. Please see <a href="https://developer.wordpress.org/advanced-administration/debug/debug-wordpress/">Debugging in WordPress</a> for more information. (This message was added in version 6.7.0.) in C:\Users\micka\Local Sites\capitainewp-course\app\public\wp-includes\functions.php on line 6121
[04-Jul-2025 18:22:40 UTC] PHP Warning:  Constant WP_POST_REVISIONS already defined in C:\Users\micka\Local Sites\capitainewp-course\app\public\wp-config.php on line 99
[04-Jul-2025 18:22:40 UTC] PHP Warning:  Constant DB_NAME already defined in C:\Users\micka\Local Sites\capitainewp-course\app\public\wp-config.php on line 110
[04-Jul-2025 18:22:40 UTC] PHP Warning:  Constant DB_USER already defined in C:\Users\micka\Local Sites\capitainewp-course\app\public\wp-config.php on line 111
[04-Jul-2025 18:22:40 UTC] PHP Warning:  Constant DB_PASSWORD already defined in C:\Users\micka\Local Sites\capitainewp-course\app\public\wp-config.php on line 112
[04-Jul-2025 18:22:40 UTC] PHP Warning:  Constant DB_HOST already defined in C:\Users\micka\Local Sites\capitainewp-course\app\public\wp-config.php on line 113
[04-Jul-2025 18:22:40 UTC] PHP Warning:  Constant WP_HOME already defined in C:\Users\micka\Local Sites\capitainewp-course\app\public\wp-config.php on line 115
[04-Jul-2025 18:22:40 UTC] PHP Warning:  Constant WP_SITEURL already defined in C:\Users\micka\Local Sites\capitainewp-course\app\public\wp-config.php on line 116
[04-Jul-2025 18:22:40 UTC] PHP Warning:  Constant WP_DEBUG already defined in C:\Users\micka\Local Sites\capitainewp-course\app\public\wp-config.php on line 119
[04-Jul-2025 18:22:41 UTC] PHP Notice:  Function _load_textdomain_just_in_time was called <strong>incorrectly</strong>. Translation loading for the <code>debug-bar</code> domain was triggered too early. This is usually an indicator for some code in the plugin or theme running too early. Translations should be loaded at the <code>init</code> action or later. Please see <a href="https://developer.wordpress.org/advanced-administration/debug/debug-wordpress/">Debugging in WordPress</a> for more information. (This message was added in version 6.7.0.) in C:\Users\micka\Local Sites\capitainewp-course\app\public\wp-includes\functions.php on line 6121
[04-Jul-2025 18:23:07 UTC] PHP Warning:  Constant WP_POST_REVISIONS already defined in C:\Users\micka\Local Sites\capitainewp-course\app\public\wp-config.php on line 99
[04-Jul-2025 18:23:07 UTC] PHP Warning:  Constant DB_NAME already defined in C:\Users\micka\Local Sites\capitainewp-course\app\public\wp-config.php on line 110
[04-Jul-2025 18:23:07 UTC] PHP Warning:  Constant DB_USER already defined in C:\Users\micka\Local Sites\capitainewp-course\app\public\wp-config.php on line 111
[04-Jul-2025 18:23:07 UTC] PHP Warning:  Constant DB_PASSWORD already defined in C:\Users\micka\Local Sites\capitainewp-course\app\public\wp-config.php on line 112
[04-Jul-2025 18:23:07 UTC] PHP Warning:  Constant DB_HOST already defined in C:\Users\micka\Local Sites\capitainewp-course\app\public\wp-config.php on line 113
[04-Jul-2025 18:23:07 UTC] PHP Warning:  Constant WP_HOME already defined in C:\Users\micka\Local Sites\capitainewp-course\app\public\wp-config.php on line 115
[04-Jul-2025 18:23:07 UTC] PHP Warning:  Constant WP_SITEURL already defined in C:\Users\micka\Local Sites\capitainewp-course\app\public\wp-config.php on line 116
[04-Jul-2025 18:23:07 UTC] PHP Warning:  Constant WP_DEBUG already defined in C:\Users\micka\Local Sites\capitainewp-course\app\public\wp-config.php on line 119
[04-Jul-2025 18:23:07 UTC] PHP Notice:  Function _load_textdomain_just_in_time was called <strong>incorrectly</strong>. Translation loading for the <code>debug-bar</code> domain was triggered too early. This is usually an indicator for some code in the plugin or theme running too early. Translations should be loaded at the <code>init</code> action or later. Please see <a href="https://developer.wordpress.org/advanced-administration/debug/debug-wordpress/">Debugging in WordPress</a> for more information. (This message was added in version 6.7.0.) in C:\Users\micka\Local Sites\capitainewp-course\app\public\wp-includes\functions.php on line 6121
[04-Jul-2025 18:26:54 UTC] PHP Warning:  Constant WP_POST_REVISIONS already defined in C:\Users\micka\Local Sites\capitainewp-course\app\public\wp-config.php on line 99
[04-Jul-2025 18:26:55 UTC] PHP Notice:  Function _load_textdomain_just_in_time was called <strong>incorrectly</strong>. Translation loading for the <code>debug-bar</code> domain was triggered too early. This is usually an indicator for some code in the plugin or theme running too early. Translations should be loaded at the <code>init</code> action or later. Please see <a href="https://developer.wordpress.org/advanced-administration/debug/debug-wordpress/">Debugging in WordPress</a> for more information. (This message was added in version 6.7.0.) in C:\Users\micka\Local Sites\capitainewp-course\app\public\wp-includes\functions.php on line 6121
[04-Jul-2025 18:27:01 UTC] PHP Warning:  Constant WP_POST_REVISIONS already defined in C:\Users\micka\Local Sites\capitainewp-course\app\public\wp-config.php on line 99
[04-Jul-2025 18:27:01 UTC] PHP Notice:  Function _load_textdomain_just_in_time was called <strong>incorrectly</strong>. Translation loading for the <code>debug-bar</code> domain was triggered too early. This is usually an indicator for some code in the plugin or theme running too early. Translations should be loaded at the <code>init</code> action or later. Please see <a href="https://developer.wordpress.org/advanced-administration/debug/debug-wordpress/">Debugging in WordPress</a> for more information. (This message was added in version 6.7.0.) in C:\Users\micka\Local Sites\capitainewp-course\app\public\wp-includes\functions.php on line 6121
[04-Jul-2025 18:27:28 UTC] PHP Notice:  Function _load_textdomain_just_in_time was called <strong>incorrectly</strong>. Translation loading for the <code>debug-bar</code> domain was triggered too early. This is usually an indicator for some code in the plugin or theme running too early. Translations should be loaded at the <code>init</code> action or later. Please see <a href="https://developer.wordpress.org/advanced-administration/debug/debug-wordpress/">Debugging in WordPress</a> for more information. (This message was added in version 6.7.0.) in C:\Users\micka\Local Sites\capitainewp-course\app\public\wp-includes\functions.php on line 6121
[04-Jul-2025 18:28:57 UTC] PHP Warning:  Constant DB_NAME already defined in C:\Users\micka\Local Sites\capitainewp-course\app\public\wp-config.php on line 108
[04-Jul-2025 18:28:57 UTC] PHP Warning:  Constant DB_USER already defined in C:\Users\micka\Local Sites\capitainewp-course\app\public\wp-config.php on line 109
[04-Jul-2025 18:28:57 UTC] PHP Warning:  Constant DB_PASSWORD already defined in C:\Users\micka\Local Sites\capitainewp-course\app\public\wp-config.php on line 110
[04-Jul-2025 18:28:57 UTC] PHP Warning:  Constant DB_HOST already defined in C:\Users\micka\Local Sites\capitainewp-course\app\public\wp-config.php on line 111
[04-Jul-2025 18:28:57 UTC] PHP Warning:  Constant WP_HOME already defined in C:\Users\micka\Local Sites\capitainewp-course\app\public\wp-config.php on line 113
[04-Jul-2025 18:28:57 UTC] PHP Warning:  Constant WP_SITEURL already defined in C:\Users\micka\Local Sites\capitainewp-course\app\public\wp-config.php on line 114
[04-Jul-2025 18:28:57 UTC] PHP Warning:  Constant WP_DEBUG already defined in C:\Users\micka\Local Sites\capitainewp-course\app\public\wp-config.php on line 117
[04-Jul-2025 18:28:58 UTC] PHP Notice:  Function _load_textdomain_just_in_time was called <strong>incorrectly</strong>. Translation loading for the <code>debug-bar</code> domain was triggered too early. This is usually an indicator for some code in the plugin or theme running too early. Translations should be loaded at the <code>init</code> action or later. Please see <a href="https://developer.wordpress.org/advanced-administration/debug/debug-wordpress/">Debugging in WordPress</a> for more information. (This message was added in version 6.7.0.) in C:\Users\micka\Local Sites\capitainewp-course\app\public\wp-includes\functions.php on line 6121
[04-Jul-2025 18:34:14 UTC] PHP Notice:  Function _load_textdomain_just_in_time was called <strong>incorrectly</strong>. Translation loading for the <code>debug-bar</code> domain was triggered too early. This is usually an indicator for some code in the plugin or theme running too early. Translations should be loaded at the <code>init</code> action or later. Please see <a href="https://developer.wordpress.org/advanced-administration/debug/debug-wordpress/">Debugging in WordPress</a> for more information. (This message was added in version 6.7.0.) in C:\Users\micka\Local Sites\capitainewp-course\app\public\wp-includes\functions.php on line 6121
[04-Jul-2025 18:35:05 UTC] PHP Warning:  Constant DB_NAME already defined in C:\Users\micka\Local Sites\capitainewp-course\app\public\wp-config.php on line 104
[04-Jul-2025 18:35:05 UTC] PHP Warning:  Constant DB_USER already defined in C:\Users\micka\Local Sites\capitainewp-course\app\public\wp-config.php on line 105
[04-Jul-2025 18:35:05 UTC] PHP Warning:  Constant DB_PASSWORD already defined in C:\Users\micka\Local Sites\capitainewp-course\app\public\wp-config.php on line 106
[04-Jul-2025 18:35:05 UTC] PHP Warning:  Constant DB_HOST already defined in C:\Users\micka\Local Sites\capitainewp-course\app\public\wp-config.php on line 107
[04-Jul-2025 18:35:05 UTC] PHP Warning:  Constant WP_DEBUG already defined in C:\Users\micka\Local Sites\capitainewp-course\app\public\wp-config.php on line 113
[04-Jul-2025 18:35:05 UTC] PHP Notice:  Function _load_textdomain_just_in_time was called <strong>incorrectly</strong>. Translation loading for the <code>debug-bar</code> domain was triggered too early. This is usually an indicator for some code in the plugin or theme running too early. Translations should be loaded at the <code>init</code> action or later. Please see <a href="https://developer.wordpress.org/advanced-administration/debug/debug-wordpress/">Debugging in WordPress</a> for more information. (This message was added in version 6.7.0.) in C:\Users\micka\Local Sites\capitainewp-course\app\public\wp-includes\functions.php on line 6121
[04-Jul-2025 18:35:05 UTC] PHP Warning:  Constant DB_NAME already defined in C:\Users\micka\Local Sites\capitainewp-course\app\public\wp-config.php on line 104
[04-Jul-2025 18:35:05 UTC] PHP Warning:  Constant DB_USER already defined in C:\Users\micka\Local Sites\capitainewp-course\app\public\wp-config.php on line 105
[04-Jul-2025 18:35:05 UTC] PHP Warning:  Constant DB_PASSWORD already defined in C:\Users\micka\Local Sites\capitainewp-course\app\public\wp-config.php on line 106
[04-Jul-2025 18:35:05 UTC] PHP Warning:  Constant DB_HOST already defined in C:\Users\micka\Local Sites\capitainewp-course\app\public\wp-config.php on line 107
[04-Jul-2025 18:35:05 UTC] PHP Warning:  Constant WP_DEBUG already defined in C:\Users\micka\Local Sites\capitainewp-course\app\public\wp-config.php on line 113
[04-Jul-2025 18:35:05 UTC] PHP Notice:  Function _load_textdomain_just_in_time was called <strong>incorrectly</strong>. Translation loading for the <code>debug-bar</code> domain was triggered too early. This is usually an indicator for some code in the plugin or theme running too early. Translations should be loaded at the <code>init</code> action or later. Please see <a href="https://developer.wordpress.org/advanced-administration/debug/debug-wordpress/">Debugging in WordPress</a> for more information. (This message was added in version 6.7.0.) in C:\Users\micka\Local Sites\capitainewp-course\app\public\wp-includes\functions.php on line 6121
[04-Jul-2025 18:35:10 UTC] PHP Warning:  Constant DB_NAME already defined in C:\Users\micka\Local Sites\capitainewp-course\app\public\wp-config.php on line 104
[04-Jul-2025 18:35:10 UTC] PHP Warning:  Constant DB_USER already defined in C:\Users\micka\Local Sites\capitainewp-course\app\public\wp-config.php on line 105
[04-Jul-2025 18:35:10 UTC] PHP Warning:  Constant DB_PASSWORD already defined in C:\Users\micka\Local Sites\capitainewp-course\app\public\wp-config.php on line 106
[04-Jul-2025 18:35:10 UTC] PHP Warning:  Constant DB_HOST already defined in C:\Users\micka\Local Sites\capitainewp-course\app\public\wp-config.php on line 107
[04-Jul-2025 18:35:10 UTC] PHP Warning:  Constant WP_DEBUG already defined in C:\Users\micka\Local Sites\capitainewp-course\app\public\wp-config.php on line 113
[04-Jul-2025 18:35:10 UTC] PHP Notice:  Function _load_textdomain_just_in_time was called <strong>incorrectly</strong>. Translation loading for the <code>debug-bar</code> domain was triggered too early. This is usually an indicator for some code in the plugin or theme running too early. Translations should be loaded at the <code>init</code> action or later. Please see <a href="https://developer.wordpress.org/advanced-administration/debug/debug-wordpress/">Debugging in WordPress</a> for more information. (This message was added in version 6.7.0.) in C:\Users\micka\Local Sites\capitainewp-course\app\public\wp-includes\functions.php on line 6121
[04-Jul-2025 18:35:11 UTC] PHP Warning:  Constant DB_NAME already defined in C:\Users\micka\Local Sites\capitainewp-course\app\public\wp-config.php on line 104
[04-Jul-2025 18:35:11 UTC] PHP Warning:  Constant DB_USER already defined in C:\Users\micka\Local Sites\capitainewp-course\app\public\wp-config.php on line 105
[04-Jul-2025 18:35:11 UTC] PHP Warning:  Constant DB_PASSWORD already defined in C:\Users\micka\Local Sites\capitainewp-course\app\public\wp-config.php on line 106
[04-Jul-2025 18:35:11 UTC] PHP Warning:  Constant DB_HOST already defined in C:\Users\micka\Local Sites\capitainewp-course\app\public\wp-config.php on line 107
[04-Jul-2025 18:35:11 UTC] PHP Warning:  Constant WP_DEBUG already defined in C:\Users\micka\Local Sites\capitainewp-course\app\public\wp-config.php on line 113
[04-Jul-2025 18:35:11 UTC] PHP Notice:  Function _load_textdomain_just_in_time was called <strong>incorrectly</strong>. Translation loading for the <code>debug-bar</code> domain was triggered too early. This is usually an indicator for some code in the plugin or theme running too early. Translations should be loaded at the <code>init</code> action or later. Please see <a href="https://developer.wordpress.org/advanced-administration/debug/debug-wordpress/">Debugging in WordPress</a> for more information. (This message was added in version 6.7.0.) in C:\Users\micka\Local Sites\capitainewp-course\app\public\wp-includes\functions.php on line 6121
[04-Jul-2025 18:36:11 UTC] PHP Warning:  Constant DB_NAME already defined in C:\Users\micka\Local Sites\capitainewp-course\app\public\wp-config.php on line 104
[04-Jul-2025 18:36:11 UTC] PHP Warning:  Constant DB_USER already defined in C:\Users\micka\Local Sites\capitainewp-course\app\public\wp-config.php on line 105
[04-Jul-2025 18:36:11 UTC] PHP Warning:  Constant DB_PASSWORD already defined in C:\Users\micka\Local Sites\capitainewp-course\app\public\wp-config.php on line 106
[04-Jul-2025 18:36:11 UTC] PHP Warning:  Constant DB_HOST already defined in C:\Users\micka\Local Sites\capitainewp-course\app\public\wp-config.php on line 107
[04-Jul-2025 18:36:11 UTC] PHP Warning:  Constant WP_DEBUG already defined in C:\Users\micka\Local Sites\capitainewp-course\app\public\wp-config.php on line 113
[04-Jul-2025 18:36:11 UTC] PHP Notice:  Function _load_textdomain_just_in_time was called <strong>incorrectly</strong>. Translation loading for the <code>debug-bar</code> domain was triggered too early. This is usually an indicator for some code in the plugin or theme running too early. Translations should be loaded at the <code>init</code> action or later. Please see <a href="https://developer.wordpress.org/advanced-administration/debug/debug-wordpress/">Debugging in WordPress</a> for more information. (This message was added in version 6.7.0.) in C:\Users\micka\Local Sites\capitainewp-course\app\public\wp-includes\functions.php on line 6121
[04-Jul-2025 18:36:34 UTC] PHP Warning:  Constant WP_DEBUG already defined in C:\Users\micka\Local Sites\capitainewp-course\app\public\wp-config.php on line 113
[04-Jul-2025 18:37:20 UTC] PHP Warning:  Constant WP_DEBUG already defined in C:\Users\micka\Local Sites\capitainewp-course\app\public\wp-config.php on line 113
[04-Jul-2025 18:37:25 UTC] PHP Warning:  Constant WP_DEBUG already defined in C:\Users\micka\Local Sites\capitainewp-course\app\public\wp-config.php on line 113
[04-Jul-2025 18:38:25 UTC] PHP Warning:  Constant WP_DEBUG already defined in C:\Users\micka\Local Sites\capitainewp-course\app\public\wp-config.php on line 113
[04-Jul-2025 18:40:25 UTC] PHP Warning:  Constant WP_DEBUG already defined in C:\Users\micka\Local Sites\capitainewp-course\app\public\wp-config.php on line 113
[04-Jul-2025 18:42:26 UTC] PHP Warning:  Constant WP_DEBUG already defined in C:\Users\micka\Local Sites\capitainewp-course\app\public\wp-config.php on line 113
[04-Jul-2025 18:44:26 UTC] PHP Warning:  Constant WP_DEBUG already defined in C:\Users\micka\Local Sites\capitainewp-course\app\public\wp-config.php on line 113
[04-Jul-2025 18:46:26 UTC] PHP Warning:  Constant WP_DEBUG already defined in C:\Users\micka\Local Sites\capitainewp-course\app\public\wp-config.php on line 113
[04-Jul-2025 18:48:26 UTC] PHP Warning:  Constant WP_DEBUG already defined in C:\Users\micka\Local Sites\capitainewp-course\app\public\wp-config.php on line 113
[04-Jul-2025 18:50:26 UTC] PHP Warning:  Constant WP_DEBUG already defined in C:\Users\micka\Local Sites\capitainewp-course\app\public\wp-config.php on line 113
[04-Jul-2025 18:52:26 UTC] PHP Warning:  Constant WP_DEBUG already defined in C:\Users\micka\Local Sites\capitainewp-course\app\public\wp-config.php on line 113
[04-Jul-2025 18:54:26 UTC] PHP Warning:  Constant WP_DEBUG already defined in C:\Users\micka\Local Sites\capitainewp-course\app\public\wp-config.php on line 113
[04-Jul-2025 18:56:26 UTC] PHP Warning:  Constant WP_DEBUG already defined in C:\Users\micka\Local Sites\capitainewp-course\app\public\wp-config.php on line 113
[04-Jul-2025 18:58:26 UTC] PHP Warning:  Constant WP_DEBUG already defined in C:\Users\micka\Local Sites\capitainewp-course\app\public\wp-config.php on line 113
[04-Jul-2025 19:00:26 UTC] PHP Warning:  Constant WP_DEBUG already defined in C:\Users\micka\Local Sites\capitainewp-course\app\public\wp-config.php on line 113
[04-Jul-2025 19:02:26 UTC] PHP Warning:  Constant WP_DEBUG already defined in C:\Users\micka\Local Sites\capitainewp-course\app\public\wp-config.php on line 113
[04-Jul-2025 19:04:26 UTC] PHP Warning:  Constant WP_DEBUG already defined in C:\Users\micka\Local Sites\capitainewp-course\app\public\wp-config.php on line 113
[04-Jul-2025 19:06:26 UTC] PHP Warning:  Constant WP_DEBUG already defined in C:\Users\micka\Local Sites\capitainewp-course\app\public\wp-config.php on line 113
[04-Jul-2025 19:08:26 UTC] PHP Warning:  Constant WP_DEBUG already defined in C:\Users\micka\Local Sites\capitainewp-course\app\public\wp-config.php on line 113
[04-Jul-2025 19:10:26 UTC] PHP Warning:  Constant WP_DEBUG already defined in C:\Users\micka\Local Sites\capitainewp-course\app\public\wp-config.php on line 113
[04-Jul-2025 19:12:26 UTC] PHP Warning:  Constant WP_DEBUG already defined in C:\Users\micka\Local Sites\capitainewp-course\app\public\wp-config.php on line 113
[04-Jul-2025 19:14:26 UTC] PHP Warning:  Constant WP_DEBUG already defined in C:\Users\micka\Local Sites\capitainewp-course\app\public\wp-config.php on line 113
[04-Jul-2025 19:16:26 UTC] PHP Warning:  Constant WP_DEBUG already defined in C:\Users\micka\Local Sites\capitainewp-course\app\public\wp-config.php on line 113
[04-Jul-2025 19:18:26 UTC] PHP Warning:  Constant WP_DEBUG already defined in C:\Users\micka\Local Sites\capitainewp-course\app\public\wp-config.php on line 113
[04-Jul-2025 19:20:26 UTC] PHP Warning:  Constant WP_DEBUG already defined in C:\Users\micka\Local Sites\capitainewp-course\app\public\wp-config.php on line 113
[04-Jul-2025 19:22:26 UTC] PHP Warning:  Constant WP_DEBUG already defined in C:\Users\micka\Local Sites\capitainewp-course\app\public\wp-config.php on line 113
[04-Jul-2025 19:24:26 UTC] PHP Warning:  Constant WP_DEBUG already defined in C:\Users\micka\Local Sites\capitainewp-course\app\public\wp-config.php on line 113
[04-Jul-2025 19:26:26 UTC] PHP Warning:  Constant WP_DEBUG already defined in C:\Users\micka\Local Sites\capitainewp-course\app\public\wp-config.php on line 113
[04-Jul-2025 19:28:26 UTC] PHP Warning:  Constant WP_DEBUG already defined in C:\Users\micka\Local Sites\capitainewp-course\app\public\wp-config.php on line 113
[04-Jul-2025 19:30:27 UTC] PHP Warning:  Constant WP_DEBUG already defined in C:\Users\micka\Local Sites\capitainewp-course\app\public\wp-config.php on line 113
[04-Jul-2025 19:32:27 UTC] PHP Warning:  Constant WP_DEBUG already defined in C:\Users\micka\Local Sites\capitainewp-course\app\public\wp-config.php on line 113
[04-Jul-2025 19:34:27 UTC] PHP Warning:  Constant WP_DEBUG already defined in C:\Users\micka\Local Sites\capitainewp-course\app\public\wp-config.php on line 113
[04-Jul-2025 19:36:27 UTC] PHP Warning:  Constant WP_DEBUG already defined in C:\Users\micka\Local Sites\capitainewp-course\app\public\wp-config.php on line 113
[04-Jul-2025 19:38:27 UTC] PHP Warning:  Constant WP_DEBUG already defined in C:\Users\micka\Local Sites\capitainewp-course\app\public\wp-config.php on line 113
[04-Jul-2025 19:40:27 UTC] PHP Warning:  Constant WP_DEBUG already defined in C:\Users\micka\Local Sites\capitainewp-course\app\public\wp-config.php on line 113
[04-Jul-2025 19:42:27 UTC] PHP Warning:  Constant WP_DEBUG already defined in C:\Users\micka\Local Sites\capitainewp-course\app\public\wp-config.php on line 113
[04-Jul-2025 19:44:27 UTC] PHP Warning:  Constant WP_DEBUG already defined in C:\Users\micka\Local Sites\capitainewp-course\app\public\wp-config.php on line 113
[04-Jul-2025 19:46:27 UTC] PHP Warning:  Constant WP_DEBUG already defined in C:\Users\micka\Local Sites\capitainewp-course\app\public\wp-config.php on line 113
[04-Jul-2025 19:48:27 UTC] PHP Warning:  Constant WP_DEBUG already defined in C:\Users\micka\Local Sites\capitainewp-course\app\public\wp-config.php on line 113
[04-Jul-2025 19:50:27 UTC] PHP Warning:  Constant WP_DEBUG already defined in C:\Users\micka\Local Sites\capitainewp-course\app\public\wp-config.php on line 113
[04-Jul-2025 19:52:27 UTC] PHP Warning:  Constant WP_DEBUG already defined in C:\Users\micka\Local Sites\capitainewp-course\app\public\wp-config.php on line 113
[04-Jul-2025 19:54:27 UTC] PHP Warning:  Constant WP_DEBUG already defined in C:\Users\micka\Local Sites\capitainewp-course\app\public\wp-config.php on line 113
[04-Jul-2025 19:56:31 UTC] PHP Warning:  Constant WP_DEBUG already defined in C:\Users\micka\Local Sites\capitainewp-course\app\public\wp-config.php on line 113
[04-Jul-2025 19:57:39 UTC] PHP Warning:  Constant WP_DEBUG already defined in C:\Users\micka\Local Sites\capitainewp-course\app\public\wp-config.php on line 113
[04-Jul-2025 19:59:40 UTC] PHP Warning:  Constant WP_DEBUG already defined in C:\Users\micka\Local Sites\capitainewp-course\app\public\wp-config.php on line 113
[04-Jul-2025 20:01:40 UTC] PHP Warning:  Constant WP_DEBUG already defined in C:\Users\micka\Local Sites\capitainewp-course\app\public\wp-config.php on line 113
[04-Jul-2025 20:03:40 UTC] PHP Warning:  Constant WP_DEBUG already defined in C:\Users\micka\Local Sites\capitainewp-course\app\public\wp-config.php on line 113
[04-Jul-2025 20:05:40 UTC] PHP Warning:  Constant WP_DEBUG already defined in C:\Users\micka\Local Sites\capitainewp-course\app\public\wp-config.php on line 113
